###############################################################################
#                                                                             #
# IAR ELF Linker V6.10.2.52244/W32 for ARM              25/Mar/2013  09:45:18 #
# Copyright 2007-2010 IAR Systems AB.                                         #
#                                                                             #
#    Output file  =  C:\Users\Administrator.WUQ6BOGNM6KUZK8\Desktop\²â¿ØIAP\P #
#                    roject\STM32F107_LwIP_IAP\EWARMv5\STM3210C-EVAL\Exe\STM3 #
#                    210C-EVAL.out                                            #
#    Map file     =  C:\Users\Administrator.WUQ6BOGNM6KUZK8\Desktop\²â¿ØIAP\P #
#                    roject\STM32F107_LwIP_IAP\EWARMv5\STM3210C-EVAL\List\STM #
#                    3210C-EVAL.map                                           #
#    Command line =  C:\Users\Administrator.WUQ6BOGNM6KUZK8\Desktop\²â¿ØIAP\P #
#                    roject\STM32F107_LwIP_IAP\EWARMv5\STM3210C-EVAL\Obj\auto #
#                    ip.o C:\Users\Administrator.WUQ6BOGNM6KUZK8\Desktop\²â¿Ø #
#                    IAP\Project\STM32F107_LwIP_IAP\EWARMv5\STM3210C-EVAL\Obj #
#                    \core_cm3.o C:\Users\Administrator.WUQ6BOGNM6KUZK8\Deskt #
#                    op\²â¿ØIAP\Project\STM32F107_LwIP_IAP\EWARMv5\STM3210C-E #
#                    VAL\Obj\dhcp.o C:\Users\Administrator.WUQ6BOGNM6KUZK8\De #
#                    sktop\²â¿ØIAP\Project\STM32F107_LwIP_IAP\EWARMv5\STM3210 #
#                    C-EVAL\Obj\etharp.o C:\Users\Administrator.WUQ6BOGNM6KUZ #
#                    K8\Desktop\²â¿ØIAP\Project\STM32F107_LwIP_IAP\EWARMv5\ST #
#                    M3210C-EVAL\Obj\ethernetif.o                             #
#                    C:\Users\Administrator.WUQ6BOGNM6KUZK8\Desktop\²â¿ØIAP\P #
#                    roject\STM32F107_LwIP_IAP\EWARMv5\STM3210C-EVAL\Obj\flas #
#                    h_if.o C:\Users\Administrator.WUQ6BOGNM6KUZK8\Desktop\²â #
#                    ¿ØIAP\Project\STM32F107_LwIP_IAP\EWARMv5\STM3210C-EVAL\O #
#                    bj\httpserver.o C:\Users\Administrator.WUQ6BOGNM6KUZK8\D #
#                    esktop\²â¿ØIAP\Project\STM32F107_LwIP_IAP\EWARMv5\STM321 #
#                    0C-EVAL\Obj\icmp.o C:\Users\Administrator.WUQ6BOGNM6KUZK #
#                    8\Desktop\²â¿ØIAP\Project\STM32F107_LwIP_IAP\EWARMv5\STM #
#                    3210C-EVAL\Obj\inet.o C:\Users\Administrator.WUQ6BOGNM6K #
#                    UZK8\Desktop\²â¿ØIAP\Project\STM32F107_LwIP_IAP\EWARMv5\ #
#                    STM3210C-EVAL\Obj\inet_chksum.o                          #
#                    C:\Users\Administrator.WUQ6BOGNM6KUZK8\Desktop\²â¿ØIAP\P #
#                    roject\STM32F107_LwIP_IAP\EWARMv5\STM3210C-EVAL\Obj\init #
#                    .o C:\Users\Administrator.WUQ6BOGNM6KUZK8\Desktop\²â¿ØIA #
#                    P\Project\STM32F107_LwIP_IAP\EWARMv5\STM3210C-EVAL\Obj\i #
#                    p.o C:\Users\Administrator.WUQ6BOGNM6KUZK8\Desktop\²â¿ØI #
#                    AP\Project\STM32F107_LwIP_IAP\EWARMv5\STM3210C-EVAL\Obj\ #
#                    ip_addr.o C:\Users\Administrator.WUQ6BOGNM6KUZK8\Desktop #
#                    \²â¿ØIAP\Project\STM32F107_LwIP_IAP\EWARMv5\STM3210C-EVA #
#                    L\Obj\ip_frag.o C:\Users\Administrator.WUQ6BOGNM6KUZK8\D #
#                    esktop\²â¿ØIAP\Project\STM32F107_LwIP_IAP\EWARMv5\STM321 #
#                    0C-EVAL\Obj\main.o C:\Users\Administrator.WUQ6BOGNM6KUZK #
#                    8\Desktop\²â¿ØIAP\Project\STM32F107_LwIP_IAP\EWARMv5\STM #
#                    3210C-EVAL\Obj\mem.o C:\Users\Administrator.WUQ6BOGNM6KU #
#                    ZK8\Desktop\²â¿ØIAP\Project\STM32F107_LwIP_IAP\EWARMv5\S #
#                    TM3210C-EVAL\Obj\memp.o C:\Users\Administrator.WUQ6BOGNM #
#                    6KUZK8\Desktop\²â¿ØIAP\Project\STM32F107_LwIP_IAP\EWARMv #
#                    5\STM3210C-EVAL\Obj\misc.o C:\Users\Administrator.WUQ6BO #
#                    GNM6KUZK8\Desktop\²â¿ØIAP\Project\STM32F107_LwIP_IAP\EWA #
#                    RMv5\STM3210C-EVAL\Obj\netconf.o                         #
#                    C:\Users\Administrator.WUQ6BOGNM6KUZK8\Desktop\²â¿ØIAP\P #
#                    roject\STM32F107_LwIP_IAP\EWARMv5\STM3210C-EVAL\Obj\neti #
#                    f.o C:\Users\Administrator.WUQ6BOGNM6KUZK8\Desktop\²â¿ØI #
#                    AP\Project\STM32F107_LwIP_IAP\EWARMv5\STM3210C-EVAL\Obj\ #
#                    pbuf.o C:\Users\Administrator.WUQ6BOGNM6KUZK8\Desktop\²â #
#                    ¿ØIAP\Project\STM32F107_LwIP_IAP\EWARMv5\STM3210C-EVAL\O #
#                    bj\raw.o C:\Users\Administrator.WUQ6BOGNM6KUZK8\Desktop\ #
#                    ²â¿ØIAP\Project\STM32F107_LwIP_IAP\EWARMv5\STM3210C-EVAL #
#                    \Obj\startup_stm32f10x_cl.o                              #
#                    C:\Users\Administrator.WUQ6BOGNM6KUZK8\Desktop\²â¿ØIAP\P #
#                    roject\STM32F107_LwIP_IAP\EWARMv5\STM3210C-EVAL\Obj\stat #
#                    s.o C:\Users\Administrator.WUQ6BOGNM6KUZK8\Desktop\²â¿ØI #
#                    AP\Project\STM32F107_LwIP_IAP\EWARMv5\STM3210C-EVAL\Obj\ #
#                    stm3210c_eval_lcd.o C:\Users\Administrator.WUQ6BOGNM6KUZ #
#                    K8\Desktop\²â¿ØIAP\Project\STM32F107_LwIP_IAP\EWARMv5\ST #
#                    M3210C-EVAL\Obj\stm32_eth.o                              #
#                    C:\Users\Administrator.WUQ6BOGNM6KUZK8\Desktop\²â¿ØIAP\P #
#                    roject\STM32F107_LwIP_IAP\EWARMv5\STM3210C-EVAL\Obj\stm3 #
#                    2_eval.o C:\Users\Administrator.WUQ6BOGNM6KUZK8\Desktop\ #
#                    ²â¿ØIAP\Project\STM32F107_LwIP_IAP\EWARMv5\STM3210C-EVAL #
#                    \Obj\stm32f107.o C:\Users\Administrator.WUQ6BOGNM6KUZK8\ #
#                    Desktop\²â¿ØIAP\Project\STM32F107_LwIP_IAP\EWARMv5\STM32 #
#                    10C-EVAL\Obj\stm32f10x_bkp.o                             #
#                    C:\Users\Administrator.WUQ6BOGNM6KUZK8\Desktop\²â¿ØIAP\P #
#                    roject\STM32F107_LwIP_IAP\EWARMv5\STM3210C-EVAL\Obj\stm3 #
#                    2f10x_exti.o C:\Users\Administrator.WUQ6BOGNM6KUZK8\Desk #
#                    top\²â¿ØIAP\Project\STM32F107_LwIP_IAP\EWARMv5\STM3210C- #
#                    EVAL\Obj\stm32f10x_flash.o C:\Users\Administrator.WUQ6BO #
#                    GNM6KUZK8\Desktop\²â¿ØIAP\Project\STM32F107_LwIP_IAP\EWA #
#                    RMv5\STM3210C-EVAL\Obj\stm32f10x_gpio.o                  #
#                    C:\Users\Administrator.WUQ6BOGNM6KUZK8\Desktop\²â¿ØIAP\P #
#                    roject\STM32F107_LwIP_IAP\EWARMv5\STM3210C-EVAL\Obj\stm3 #
#                    2f10x_it.o C:\Users\Administrator.WUQ6BOGNM6KUZK8\Deskto #
#                    p\²â¿ØIAP\Project\STM32F107_LwIP_IAP\EWARMv5\STM3210C-EV #
#                    AL\Obj\stm32f10x_pwr.o C:\Users\Administrator.WUQ6BOGNM6 #
#                    KUZK8\Desktop\²â¿ØIAP\Project\STM32F107_LwIP_IAP\EWARMv5 #
#                    \STM3210C-EVAL\Obj\stm32f10x_rcc.o                       #
#                    C:\Users\Administrator.WUQ6BOGNM6KUZK8\Desktop\²â¿ØIAP\P #
#                    roject\STM32F107_LwIP_IAP\EWARMv5\STM3210C-EVAL\Obj\stm3 #
#                    2f10x_spi.o C:\Users\Administrator.WUQ6BOGNM6KUZK8\Deskt #
#                    op\²â¿ØIAP\Project\STM32F107_LwIP_IAP\EWARMv5\STM3210C-E #
#                    VAL\Obj\stm32f10x_usart.o C:\Users\Administrator.WUQ6BOG #
#                    NM6KUZK8\Desktop\²â¿ØIAP\Project\STM32F107_LwIP_IAP\EWAR #
#                    Mv5\STM3210C-EVAL\Obj\stm32f10x_wwdg.o                   #
#                    C:\Users\Administrator.WUQ6BOGNM6KUZK8\Desktop\²â¿ØIAP\P #
#                    roject\STM32F107_LwIP_IAP\EWARMv5\STM3210C-EVAL\Obj\sys. #
#                    o C:\Users\Administrator.WUQ6BOGNM6KUZK8\Desktop\²â¿ØIAP #
#                    \Project\STM32F107_LwIP_IAP\EWARMv5\STM3210C-EVAL\Obj\sy #
#                    stem_stm32f10x.o C:\Users\Administrator.WUQ6BOGNM6KUZK8\ #
#                    Desktop\²â¿ØIAP\Project\STM32F107_LwIP_IAP\EWARMv5\STM32 #
#                    10C-EVAL\Obj\tcp.o C:\Users\Administrator.WUQ6BOGNM6KUZK #
#                    8\Desktop\²â¿ØIAP\Project\STM32F107_LwIP_IAP\EWARMv5\STM #
#                    3210C-EVAL\Obj\tcp_in.o C:\Users\Administrator.WUQ6BOGNM #
#                    6KUZK8\Desktop\²â¿ØIAP\Project\STM32F107_LwIP_IAP\EWARMv #
#                    5\STM3210C-EVAL\Obj\tcp_out.o                            #
#                    C:\Users\Administrator.WUQ6BOGNM6KUZK8\Desktop\²â¿ØIAP\P #
#                    roject\STM32F107_LwIP_IAP\EWARMv5\STM3210C-EVAL\Obj\tftp #
#                    server.o C:\Users\Administrator.WUQ6BOGNM6KUZK8\Desktop\ #
#                    ²â¿ØIAP\Project\STM32F107_LwIP_IAP\EWARMv5\STM3210C-EVAL #
#                    \Obj\udp.o --redirect _Printf=_PrintfTiny --redirect     #
#                    _Scanf=_ScanfSmall -o C:\Users\Administrator.WUQ6BOGNM6K #
#                    UZK8\Desktop\²â¿ØIAP\Project\STM32F107_LwIP_IAP\EWARMv5\ #
#                    STM3210C-EVAL\Exe\STM3210C-EVAL.out --map                #
#                    C:\Users\Administrator.WUQ6BOGNM6KUZK8\Desktop\²â¿ØIAP\P #
#                    roject\STM32F107_LwIP_IAP\EWARMv5\STM3210C-EVAL\List\STM #
#                    3210C-EVAL.map --config C:\Users\Administrator.WUQ6BOGNM #
#                    6KUZK8\Desktop\²â¿ØIAP\Project\STM32F107_LwIP_IAP\EWARMv #
#                    5\stm32f10x_flash.icf --semihosting --entry              #
#                    __iar_program_start                                      #
#                                                                             #
#                                                                             #
###############################################################################

*******************************************************************************
*** RUNTIME MODEL ATTRIBUTES
***

CppFlavor       = *
__SystemLibrary = DLib


*******************************************************************************
*** PLACEMENT SUMMARY
***

"A1":  place at 0x08000000 { ro section .intvec };
"P1":  place in [from 0x08000000 to 0x0803ffff] { ro };
"P2":  place in [from 0x20000000 to 0x2000ffff] { rw, block CSTACK, block HEAP };

  Section            Kind        Address    Size  Object
  -------            ----        -------    ----  ------
"A1":                                      0x150
  .intvec            ro code  0x08000000   0x150  startup_stm32f10x_cl.o [1]
                            - 0x08000150   0x150

"P1":                                     0x632c
  .text              ro code  0x08000150  0x141c  tcp_in.o [1]
  .text              ro code  0x0800156c    0x26  inet.o [1]
  .text              ro code  0x08001592   0x33c  pbuf.o [1]
  .text              ro code  0x080018ce    0x3a  ip_addr.o [1]
  .text              ro code  0x08001908   0x7e0  tcp.o [1]
  .text              ro code  0x080020e8    0x9c  memp.o [1]
  .text              ro code  0x08002184   0x7fa  tcp_out.o [1]
  .text              ro code  0x0800297e    0x2e  copy_init3.o [5]
  .text              ro code  0x080029ac   0x1d8  mem.o [1]
  .text              ro code  0x08002b84    0x70  ABImemcpy.o [5]
  .text              ro code  0x08002bf4     0x6  ABImemclr4.o [5]
  .text              ro code  0x08002bfa    0x22  zero_init3.o [5]
  .text              ro code  0x08002c1c   0x294  ip.o [1]
  .text              ro code  0x08002eb0    0x38  ABImemset48.o [5]
  .text              ro code  0x08002ee8   0x10a  netif.o [1]
  .text              ro code  0x08002ff2     0xa  xsprout.o [3]
  .text              ro code  0x08002ffc   0x48c  ip_frag.o [1]
  .text              ro code  0x08003488    0x60  raw.o [1]
  .text              ro code  0x080034e8   0x2ea  udp.o [1]
  .text              ro code  0x080037d2   0x18c  icmp.o [1]
  .text              ro code  0x08003960   0x64c  etharp.o [1]
  .text              ro code  0x08003fac    0x9a  inet_chksum.o [1]
  .rodata            const    0x08004048   0x91c  httpserver.o [1]
  .text              ro code  0x08004964   0x5fc  httpserver.o [1]
  .text              ro code  0x08004f60   0x114  stm32f10x_rcc.o [1]
  .text              ro code  0x08005074    0x10  stm32f10x_wwdg.o [1]
  .text              ro code  0x08005084    0x34  sprintf.o [3]
  .text              ro code  0x080050b8    0x28  strncmp.o [3]
  .text              ro code  0x080050e0    0x60  flash_if.o [1]
  .text              ro code  0x08005140    0x42  strcmp.o [5]
  .text              ro code  0x08005182   0x11a  xprintftiny.o [3]
  .text              ro code  0x0800529c    0xf6  stm32f10x_flash.o [1]
  .text              ro code  0x08005394    0x36  strlen.o [5]
  .text              ro code  0x080053cc   0x548  stm32_eth.o [1]
  .text              ro code  0x08005914   0x220  tftpserver.o [1]
  .text              ro code  0x08005b34   0x1f8  ethernetif.o [1]
  .text              ro code  0x08005d2c   0x1e0  stm32f107.o [1]
  .text              ro code  0x08005f0c    0xd8  stm32f10x_gpio.o [1]
  .text              ro code  0x08005fe4   0x110  system_stm32f10x.o [1]
  .text              ro code  0x080060f4    0xb8  netconf.o [1]
  .text              ro code  0x080061ac    0xb4  main.o [1]
  .text              ro code  0x08006260     0x8  core_cm3.o [1]
  .text              ro code  0x08006268    0x2c  data_init3.o [5]
  .iar.init_table    const    0x08006294    0x24  - Linker created -
  .text              ro code  0x080062b8    0x16  cmain.o [5]
  .text              ro code  0x080062ce     0x4  low_level_init.o [3]
  .text              ro code  0x080062d2     0x8  exit.o [3]
  .text              ro code  0x080062dc     0xa  cexit.o [5]
  .text              ro code  0x080062e8    0x14  exit.o [6]
  .text              ro code  0x080062fc    0x14  stm32f10x_it.o [1]
  .text              ro code  0x08006310    0x10  startup_stm32f10x_cl.o [1]
  .text              ro code  0x08006320     0xc  cstartup_M.o [5]
  .rodata            const    0x0800632c     0x4  ip_addr.o [1]
  .text              ro code  0x08006330     0x4  startup_stm32f10x_cl.o [1]
  .text              ro code  0x08006334     0x4  startup_stm32f10x_cl.o [1]
  .text              ro code  0x08006338     0x4  startup_stm32f10x_cl.o [1]
  .text              ro code  0x0800633c     0x4  startup_stm32f10x_cl.o [1]
  .text              ro code  0x08006340     0x4  startup_stm32f10x_cl.o [1]
  .text              ro code  0x08006344     0x4  startup_stm32f10x_cl.o [1]
  .text              ro code  0x08006348     0x4  startup_stm32f10x_cl.o [1]
  .text              ro code  0x0800634c     0x4  startup_stm32f10x_cl.o [1]
  .text              ro code  0x08006350     0x4  startup_stm32f10x_cl.o [1]
  .text              ro code  0x08006354     0x4  startup_stm32f10x_cl.o [1]
  .text              ro code  0x08006358     0x4  startup_stm32f10x_cl.o [1]
  .text              ro code  0x0800635c     0x4  startup_stm32f10x_cl.o [1]
  .text              ro code  0x08006360     0x4  startup_stm32f10x_cl.o [1]
  .text              ro code  0x08006364     0x4  startup_stm32f10x_cl.o [1]
  .text              ro code  0x08006368     0x4  startup_stm32f10x_cl.o [1]
  .text              ro code  0x0800636c     0x4  startup_stm32f10x_cl.o [1]
  .text              ro code  0x08006370     0x4  startup_stm32f10x_cl.o [1]
  .text              ro code  0x08006374     0x4  startup_stm32f10x_cl.o [1]
  .text              ro code  0x08006378     0x4  startup_stm32f10x_cl.o [1]
  .text              ro code  0x0800637c     0x4  startup_stm32f10x_cl.o [1]
  .text              ro code  0x08006380     0x4  startup_stm32f10x_cl.o [1]
  .text              ro code  0x08006384     0x4  startup_stm32f10x_cl.o [1]
  .text              ro code  0x08006388     0x4  startup_stm32f10x_cl.o [1]
  .text              ro code  0x0800638c     0x4  startup_stm32f10x_cl.o [1]
  .text              ro code  0x08006390     0x4  startup_stm32f10x_cl.o [1]
  .text              ro code  0x08006394     0x4  startup_stm32f10x_cl.o [1]
  .text              ro code  0x08006398     0x4  startup_stm32f10x_cl.o [1]
  .text              ro code  0x0800639c     0x4  startup_stm32f10x_cl.o [1]
  .text              ro code  0x080063a0     0x4  startup_stm32f10x_cl.o [1]
  .text              ro code  0x080063a4     0x4  startup_stm32f10x_cl.o [1]
  .text              ro code  0x080063a8     0x4  startup_stm32f10x_cl.o [1]
  .text              ro code  0x080063ac     0x4  startup_stm32f10x_cl.o [1]
  .text              ro code  0x080063b0     0x4  startup_stm32f10x_cl.o [1]
  .text              ro code  0x080063b4     0x4  startup_stm32f10x_cl.o [1]
  .text              ro code  0x080063b8     0x4  startup_stm32f10x_cl.o [1]
  .text              ro code  0x080063bc     0x4  startup_stm32f10x_cl.o [1]
  .text              ro code  0x080063c0     0x4  startup_stm32f10x_cl.o [1]
  .text              ro code  0x080063c4     0x4  startup_stm32f10x_cl.o [1]
  .text              ro code  0x080063c8     0x4  startup_stm32f10x_cl.o [1]
  .text              ro code  0x080063cc     0x4  startup_stm32f10x_cl.o [1]
  .text              ro code  0x080063d0     0x4  startup_stm32f10x_cl.o [1]
  .text              ro code  0x080063d4     0x4  startup_stm32f10x_cl.o [1]
  .text              ro code  0x080063d8     0x4  startup_stm32f10x_cl.o [1]
  .text              ro code  0x080063dc     0x4  startup_stm32f10x_cl.o [1]
  .text              ro code  0x080063e0     0x4  startup_stm32f10x_cl.o [1]
  .text              ro code  0x080063e4     0x4  startup_stm32f10x_cl.o [1]
  .text              ro code  0x080063e8     0x4  startup_stm32f10x_cl.o [1]
  .text              ro code  0x080063ec     0x4  startup_stm32f10x_cl.o [1]
  .text              ro code  0x080063f0     0x4  startup_stm32f10x_cl.o [1]
  .text              ro code  0x080063f4     0x4  startup_stm32f10x_cl.o [1]
  .text              ro code  0x080063f8     0x4  startup_stm32f10x_cl.o [1]
  .text              ro code  0x080063fc     0x4  startup_stm32f10x_cl.o [1]
  .text              ro code  0x08006400     0x4  startup_stm32f10x_cl.o [1]
  .text              ro code  0x08006404     0x4  startup_stm32f10x_cl.o [1]
  .text              ro code  0x08006408     0x4  startup_stm32f10x_cl.o [1]
  .text              ro code  0x0800640c     0x4  startup_stm32f10x_cl.o [1]
  .text              ro code  0x08006410     0x4  startup_stm32f10x_cl.o [1]
  .text              ro code  0x08006414     0x4  startup_stm32f10x_cl.o [1]
  .text              ro code  0x08006418     0x4  startup_stm32f10x_cl.o [1]
  .text              ro code  0x0800641c     0x4  startup_stm32f10x_cl.o [1]
  .text              ro code  0x08006420     0x4  startup_stm32f10x_cl.o [1]
  .text              ro code  0x08006424     0x4  startup_stm32f10x_cl.o [1]
  .text              ro code  0x08006428     0x4  startup_stm32f10x_cl.o [1]
  .text              ro code  0x0800642c     0x4  startup_stm32f10x_cl.o [1]
  .text              ro code  0x08006430     0x4  startup_stm32f10x_cl.o [1]
  .text              ro code  0x08006434     0x4  startup_stm32f10x_cl.o [1]
  .text              ro code  0x08006438     0x4  startup_stm32f10x_cl.o [1]
  .text              ro code  0x0800643c     0x4  startup_stm32f10x_cl.o [1]
  .text              ro code  0x08006440     0x4  startup_stm32f10x_cl.o [1]
  .text              ro code  0x08006444     0x4  startup_stm32f10x_cl.o [1]
  Initializer bytes  ro data  0x08006448    0x34  <for P2 s0>
                            - 0x0800647c  0x632c

"P2", part 1 of 3:                          0x34
  P2 s0                       0x20000000    0x34  <Init block>
    .data            inited   0x20000000    0x20  tcp.o [1]
    .data            inited   0x20000020    0x14  stm32f10x_rcc.o [1]
                            - 0x20000034    0x34

"P2", part 2 of 3:                        0x7d04
  .bss               zero     0x20000034  0x3c08  ethernetif.o [1]
  .bss               zero     0x20003c3c  0x2890  memp.o [1]
  .bss               zero     0x200064cc  0x1020  mem.o [1]
  .bss               zero     0x200074ec   0x5e0  ip_frag.o [1]
  .bss               zero     0x20007acc    0xc8  etharp.o [1]
  .bss               zero     0x20007b94    0xbd  stm32f107.o [1]
  .bss               zero     0x20007c52     0x2  ip.o [1]
  .bss               zero     0x20007c54    0x30  netconf.o [1]
  .bss               zero     0x20007c84    0x24  httpserver.o [1]
  .bss               zero     0x20007ca8    0x14  tcp_in.o [1]
  .bss               zero     0x20007cbc    0x10  main.o [1]
  .bss               zero     0x20007ccc     0xc  netif.o [1]
  .bss               zero     0x20007cd8     0x8  ip.o [1]
  .bss               zero     0x20007ce0     0x8  ip_frag.o [1]
  .bss               zero     0x20007ce8     0x8  netconf.o [1]
  .bss               zero     0x20007cf0     0x8  stm32_eth.o [1]
  .bss               zero     0x20007cf8     0x8  stm32_eth.o [1]
  .bss               zero     0x20007d00     0x8  tftpserver.o [1]
  .bss               zero     0x20007d08     0x4  raw.o [1]
  .bss               zero     0x20007d0c     0x4  tcp_in.o [1]
  .bss               zero     0x20007d10     0x4  tcp_in.o [1]
  .bss               zero     0x20007d14     0x4  tcp_in.o [1]
  .bss               zero     0x20007d18     0x4  tcp_in.o [1]
  .bss               zero     0x20007d1c     0x4  tcp_in.o [1]
  .bss               zero     0x20007d20     0x4  tcp_in.o [1]
  .bss               zero     0x20007d24     0x4  tftpserver.o [1]
  .bss               zero     0x20007d28     0x4  udp.o [1]
  .bss               zero     0x20007d2c     0x2  tcp_in.o [1]
  .bss               zero     0x20007d2e     0x1  etharp.o [1]
  .bss               zero     0x20007d2f     0x1  tcp.o [1]
  .bss               zero     0x20007d30     0x1  tcp_in.o [1]
  .bss               zero     0x20007d31     0x1  tcp_in.o [1]
                            - 0x20007d32  0x7cfe

"P2", part 3 of 3:                        0x1000
  CSTACK                      0x20007d38  0x1000  <Block>
    CSTACK           uninit   0x20007d38  0x1000  <Block tail>
                            - 0x20008d38  0x1000


*******************************************************************************
*** INIT TABLE
***

          Address     Size
          -------     ----
Zero (__iar_zero_init3)
    1 destination range, total size 0x7cfe:
          0x20000034  0x7cfe

Copy (__iar_copy_init3)
    1 source range, total size 0x34:
          0x08006448    0x34
    1 destination range, total size 0x34:
          0x20000000    0x34


*******************************************************************************
*** MODULE SUMMARY
***

    Module                  ro code  ro data  rw data
    ------                  -------  -------  -------
C:\Users\Administrator.WUQ6BOGNM6KUZK8\Desktop\²â¿ØIAP\Project\STM32F107_LwIP_IAP\EWARMv5\STM3210C-EVAL\Obj: [1]
    core_cm3.o                    8
    etharp.o                  1 612               201
    ethernetif.o                504            15 368
    flash_if.o                   96
    httpserver.o              1 532    2 332       36
    icmp.o                      396
    inet.o                       38
    inet_chksum.o               154
    ip.o                        660                10
    ip_addr.o                    58        4
    ip_frag.o                 1 164             1 512
    main.o                      180                16
    mem.o                       472             4 128
    memp.o                      156            10 384
    netconf.o                   184                56
    netif.o                     266                12
    pbuf.o                      828
    raw.o                        96                 4
    startup_stm32f10x_cl.o      632
    stm32_eth.o               1 352                16
    stm32f107.o                 480               189
    stm32f10x_flash.o           246
    stm32f10x_gpio.o            216
    stm32f10x_it.o               20
    stm32f10x_rcc.o             276       20       20
    stm32f10x_wwdg.o             16
    system_stm32f10x.o          272
    tcp.o                     2 016       32       33
    tcp_in.o                  5 148                48
    tcp_out.o                 2 042
    tftpserver.o                544                12
    udp.o                       746                 4
    -------------------------------------------------
    Total:                   22 410    2 388   32 049

command line: [2]
    -------------------------------------------------
    Total:

dl7M_tlf.a: [3]
    exit.o                        8
    low_level_init.o              4
    sprintf.o                    52
    strncmp.o                    40
    xprintftiny.o               282
    xsprout.o                    10
    -------------------------------------------------
    Total:                      396

m7M_tl.a: [4]
    -------------------------------------------------
    Total:

rt7M_tl.a: [5]
    ABImemclr4.o                  6
    ABImemcpy.o                 112
    ABImemset48.o                56
    cexit.o                      10
    cmain.o                      22
    copy_init3.o                 46
    cstartup_M.o                 12
    data_init3.o                 44
    strcmp.o                     66
    strlen.o                     54
    zero_init3.o                 34
    -------------------------------------------------
    Total:                      462

shb_l.a: [6]
    exit.o                       20
    -------------------------------------------------
    Total:                       20

    Gaps                         10        2        1
    Linker created                        36    4 096
-----------------------------------------------------
    Grand Total:             23 298    2 426   36 146


*******************************************************************************
*** ENTRY LIST
***

Entry                      Address    Size  Type      Object
-----                      -------    ----  ----      ------
?main                   0x080062b9          Code  Gb  cmain.o [5]
ADC1_2_IRQHandler       0x0800639d          Code  Wk  startup_stm32f10x_cl.o [1]
ADCPrescTable           0x20000030     0x4  Data  Lc  stm32f10x_rcc.o [1]
APBAHBPrescTable        0x20000020    0x10  Data  Lc  stm32f10x_rcc.o [1]
ARPTimer                0x20007cec     0x4  Data  Gb  netconf.o [1]
BrowserFlag             0x20007ca0     0x4  Data  Lc  httpserver.o [1]
BusFault_Handler        0x08006303     0x2  Code  Gb  stm32f10x_it.o [1]
CAN1_RX0_IRQHandler     0x080063a5          Code  Wk  startup_stm32f10x_cl.o [1]
CAN1_RX1_IRQHandler     0x080063a9          Code  Wk  startup_stm32f10x_cl.o [1]
CAN1_SCE_IRQHandler     0x080063ad          Code  Wk  startup_stm32f10x_cl.o [1]
CAN1_TX_IRQHandler      0x080063a1          Code  Wk  startup_stm32f10x_cl.o [1]
CAN2_RX0_IRQHandler     0x08006439          Code  Wk  startup_stm32f10x_cl.o [1]
CAN2_RX1_IRQHandler     0x0800643d          Code  Wk  startup_stm32f10x_cl.o [1]
CAN2_SCE_IRQHandler     0x08006441          Code  Wk  startup_stm32f10x_cl.o [1]
CAN2_TX_IRQHandler      0x08006435          Code  Wk  startup_stm32f10x_cl.o [1]
CSTACK$$Base            0x20007d38           --   Gb  - Linker created -
CSTACK$$Limit           0x20008d38           --   Gb  - Linker created -
ContentLengthOffset     0x20007c9c     0x4  Data  Lc  httpserver.o [1]
Content_Length          0x08004f4c    0x14  Data  Lc  httpserver.o [1]
DMA1_Channel1_IRQHandler
                        0x08006381          Code  Wk  startup_stm32f10x_cl.o [1]
DMA1_Channel2_IRQHandler
                        0x08006385          Code  Wk  startup_stm32f10x_cl.o [1]
DMA1_Channel3_IRQHandler
                        0x08006389          Code  Wk  startup_stm32f10x_cl.o [1]
DMA1_Channel4_IRQHandler
                        0x0800638d          Code  Wk  startup_stm32f10x_cl.o [1]
DMA1_Channel5_IRQHandler
                        0x08006391          Code  Wk  startup_stm32f10x_cl.o [1]
DMA1_Channel6_IRQHandler
                        0x08006395          Code  Wk  startup_stm32f10x_cl.o [1]
DMA1_Channel7_IRQHandler
                        0x08006399          Code  Wk  startup_stm32f10x_cl.o [1]
DMA2_Channel1_IRQHandler
                        0x08006419          Code  Wk  startup_stm32f10x_cl.o [1]
DMA2_Channel2_IRQHandler
                        0x0800641d          Code  Wk  startup_stm32f10x_cl.o [1]
DMA2_Channel3_IRQHandler
                        0x08006421          Code  Wk  startup_stm32f10x_cl.o [1]
DMA2_Channel4_IRQHandler
                        0x08006425          Code  Wk  startup_stm32f10x_cl.o [1]
DMA2_Channel5_IRQHandler
                        0x08006429          Code  Wk  startup_stm32f10x_cl.o [1]
DMAPTPRxDescToGet       0x20007cfc     0x4  Data  Gb  stm32_eth.o [1]
DMAPTPTxDescToSet       0x20007cf4     0x4  Data  Gb  stm32_eth.o [1]
DMARxDescToGet          0x20007cf8     0x4  Data  Gb  stm32_eth.o [1]
DMARxDscrTab            0x2000003c    0x60  Data  Gb  ethernetif.o [1]
DMATxDescToSet          0x20007cf0     0x4  Data  Gb  stm32_eth.o [1]
DMATxDscrTab            0x2000009c    0x40  Data  Gb  ethernetif.o [1]
DataFlag                0x20007c8c     0x4  Data  Lc  httpserver.o [1]
DebugMon_Handler        0x08006309     0x2  Code  Gb  stm32f10x_it.o [1]
ETH_DMAITConfig         0x08005895    0x14  Code  Gb  stm32_eth.o [1]
ETH_DMAReceptionCmd     0x0800587f    0x16  Code  Gb  stm32_eth.o [1]
ETH_DMARxDescChainInit  0x08005809    0x46  Code  Gb  stm32_eth.o [1]
ETH_DMATransmissionCmd  0x08005869    0x16  Code  Gb  stm32_eth.o [1]
ETH_DMATxDescChainInit  0x080057bf    0x40  Code  Gb  stm32_eth.o [1]
ETH_DMATxDescChecksumInsertionConfig
                        0x08005807     0x2  Code  Gb  stm32_eth.o [1]
ETH_DMATxDescFrameSegmentConfig
                        0x080057ff          Code  Gb  stm32_eth.o [1]
ETH_DeInit              0x080053cd    0x1a  Code  Gb  stm32_eth.o [1]
ETH_Delay               0x080058f9    0x1c  Code  Lc  stm32_eth.o [1]
ETH_GetRxPktSize        0x080056b3    0x1e  Code  Gb  stm32_eth.o [1]
ETH_GetSoftwareResetStatus
                        0x0800585d     0x4  Code  Gb  stm32_eth.o [1]
ETH_IRQHandler          0x0800642d          Code  Wk  startup_stm32f10x_cl.o [1]
ETH_Init                0x080053e7   0x1f4  Code  Gb  stm32_eth.o [1]
ETH_InitStructure       0x20007b94    0xbc  Data  Gb  stm32f107.o [1]
ETH_MACAddressConfig    0x08005795    0x2a  Code  Gb  stm32_eth.o [1]
ETH_MACReceptionCmd     0x0800577f    0x16  Code  Gb  stm32_eth.o [1]
ETH_MACTransmissionCmd  0x08005769    0x16  Code  Gb  stm32_eth.o [1]
ETH_ReadPHYRegister     0x080056d1    0x4c  Code  Gb  stm32_eth.o [1]
ETH_RxPkt_ChainMode     0x08005c89    0x54  Code  Gb  ethernetif.o [1]
ETH_SoftwareReset       0x0800584f     0x4  Code  Gb  stm32_eth.o [1]
ETH_Start               0x0800568b    0x28  Code  Gb  stm32_eth.o [1]
ETH_StructInit          0x080055e7    0xa4  Code  Gb  stm32_eth.o [1]
ETH_TxPkt_ChainMode     0x08005cdd    0x34  Code  Gb  ethernetif.o [1]
ETH_WKUP_IRQHandler     0x08006431          Code  Wk  startup_stm32f10x_cl.o [1]
ETH_WritePHYRegister    0x0800571d    0x4c  Code  Gb  stm32_eth.o [1]
EXTI0_IRQHandler        0x0800636d          Code  Wk  startup_stm32f10x_cl.o [1]
EXTI15_10_IRQHandler    0x080063f5          Code  Wk  startup_stm32f10x_cl.o [1]
EXTI1_IRQHandler        0x08006371          Code  Wk  startup_stm32f10x_cl.o [1]
EXTI2_IRQHandler        0x08006375          Code  Wk  startup_stm32f10x_cl.o [1]
EXTI3_IRQHandler        0x08006379          Code  Wk  startup_stm32f10x_cl.o [1]
EXTI4_IRQHandler        0x0800637d          Code  Wk  startup_stm32f10x_cl.o [1]
EXTI9_5_IRQHandler      0x080063b1          Code  Wk  startup_stm32f10x_cl.o [1]
EthInitState            0x20007c50     0x1  Data  Gb  stm32f107.o [1]
Ethernet_Configuration_wpa
                        0x08005d77    0xd0  Code  Gb  stm32f107.o [1]
FLASH_ErasePage         0x080052b3    0x2e  Code  Gb  stm32f10x_flash.o [1]
FLASH_GetBank1Status    0x08005339    0x24  Code  Gb  stm32f10x_flash.o [1]
FLASH_IRQHandler        0x08006365          Code  Wk  startup_stm32f10x_cl.o [1]
FLASH_If_Erase          0x080050e5    0x24  Code  Gb  flash_if.o [1]
FLASH_If_Init           0x080050e1     0x4  Code  Gb  flash_if.o [1]
FLASH_If_Write          0x08005109    0x30  Code  Gb  flash_if.o [1]
FLASH_ProgramWord       0x080052ef    0x42  Code  Gb  stm32f10x_flash.o [1]
FLASH_Unlock            0x0800529d     0x2  Code  Gb  stm32f10x_flash.o [1]
FLASH_UnlockBank1       0x080052a1          Code  Gb  stm32f10x_flash.o [1]
FLASH_WaitForLastOperation
                        0x08005375     0x4  Code  Gb  stm32f10x_flash.o [1]
FlashWriteAddress       0x20007c94     0x4  Data  Lc  httpserver.o [1]
Flash_Write_Address     0x20007d00     0x4  Data  Lc  tftpserver.o [1]
GPIO_ETH_MediaInterfaceConfig
                        0x08005fd9     0x6  Code  Gb  stm32f10x_gpio.o [1]
GPIO_Init               0x08005f0d    0xbe  Code  Gb  stm32f10x_gpio.o [1]
GPIO_ReadInputDataBit   0x08005fcb     0xe  Code  Gb  stm32f10x_gpio.o [1]
GPIO_config             0x08006203    0x3e  Code  Gb  main.o [1]
HardFault_Handler       0x080062ff     0x2  Code  Gb  stm32f10x_it.o [1]
I2C1_ER_IRQHandler      0x080063d5          Code  Wk  startup_stm32f10x_cl.o [1]
I2C1_EV_IRQHandler      0x080063d1          Code  Wk  startup_stm32f10x_cl.o [1]
I2C2_ER_IRQHandler      0x080063dd          Code  Wk  startup_stm32f10x_cl.o [1]
I2C2_EV_IRQHandler      0x080063d9          Code  Wk  startup_stm32f10x_cl.o [1]
IAP_HTTP_writedata      0x08004dbd    0x7e  Code  Lc  httpserver.o [1]
IAP_httpd_init          0x08004cff    0x22  Code  Gb  httpserver.o [1]
IAP_tftp_cleanup_wr     0x08005ad5    0x26  Code  Lc  tftpserver.o [1]
IAP_tftp_recv_callback  0x08005a37    0x9e  Code  Lc  tftpserver.o [1]
IAP_tftp_send_ack_packet
                        0x08005915    0x54  Code  Lc  tftpserver.o [1]
IAP_tftpd_init          0x08005afb    0x22  Code  Gb  tftpserver.o [1]
IAP_wrq_recv_callback   0x08005969    0xb6  Code  Lc  tftpserver.o [1]
JumpAddress             0x20007cc8     0x4  Data  Gb  main.o [1]
Jump_To_Application     0x20007cc4     0x4  Data  Gb  main.o [1]
LeftBytes               0x20007c84     0x1  Data  Lc  httpserver.o [1]
LeftBytesTab            0x20007c88     0x4  Data  Lc  httpserver.o [1]
LocalTime               0x20007cbc     0x4  Data  Gb  main.o [1]
LwIP_Init               0x080060f5    0x5e  Code  Gb  netconf.o [1]
LwIP_Periodic_Handle    0x08006159    0x30  Code  Gb  netconf.o [1]
LwIP_Pkt_Handle         0x08006153     0x6  Code  Gb  netconf.o [1]
MACaddr                 0x20000034     0x8  Data  Gb  ethernetif.o [1]
MemManage_Handler       0x08006301     0x2  Code  Gb  stm32f10x_it.o [1]
NMI_Handler             0x080062fd     0x2  Code  Gb  stm32f10x_it.o [1]
OTG_FS_IRQHandler       0x08006445          Code  Wk  startup_stm32f10x_cl.o [1]
OTG_FS_WKUP_IRQHandler  0x080063fd          Code  Wk  startup_stm32f10x_cl.o [1]
PVD_IRQHandler          0x08006359          Code  Wk  startup_stm32f10x_cl.o [1]
Parse_Content_Length    0x08004d4f    0x6e  Code  Lc  httpserver.o [1]
PendSV_Handler          0x0800630b     0x2  Code  Gb  stm32f10x_it.o [1]
RCC_AHBPeriphClockCmd   0x08005007    0x12  Code  Gb  stm32f10x_rcc.o [1]
RCC_AHBPeriphResetCmd   0x0800503d    0x12  Code  Gb  stm32f10x_rcc.o [1]
RCC_APB1PeriphClockCmd  0x0800502b    0x12  Code  Gb  stm32f10x_rcc.o [1]
RCC_APB2PeriphClockCmd  0x08005019    0x12  Code  Gb  stm32f10x_rcc.o [1]
RCC_GetClocksFreq       0x08004f61    0xa6  Code  Gb  stm32f10x_rcc.o [1]
RCC_IRQHandler          0x08006369          Code  Wk  startup_stm32f10x_cl.o [1]
RTCAlarm_IRQHandler     0x080063f9          Code  Wk  startup_stm32f10x_cl.o [1]
RTC_IRQHandler          0x08006361          Code  Wk  startup_stm32f10x_cl.o [1]
Region$$Table$$Base     0x08006294           --   Gb  - Linker created -
Region$$Table$$Limit    0x080062b8           --   Gb  - Linker created -
Reset_Handler           0x08006311          Code  Wk  startup_stm32f10x_cl.o [1]
Rx_Buff                 0x200000dc  0x23a0  Data  Gb  ethernetif.o [1]
SPI1_IRQHandler         0x080063e1          Code  Wk  startup_stm32f10x_cl.o [1]
SPI2_IRQHandler         0x080063e5          Code  Wk  startup_stm32f10x_cl.o [1]
SPI3_IRQHandler         0x08006405          Code  Wk  startup_stm32f10x_cl.o [1]
SVC_Handler             0x08006307     0x2  Code  Gb  stm32f10x_it.o [1]
Set_MAC_Address         0x08005b35    0x22  Code  Gb  ethernetif.o [1]
SysTick_Handler         0x0800630d     0x4  Code  Gb  stm32f10x_it.o [1]
SystemInit              0x08005fe5    0xfc  Code  Gb  system_stm32f10x.o [1]
System_Setup            0x08005d2d    0x4a  Code  Gb  stm32f107.o [1]
TAMPER_IRQHandler       0x0800635d          Code  Wk  startup_stm32f10x_cl.o [1]
TCPTimer                0x20007ce8     0x4  Data  Gb  netconf.o [1]
TIM1_BRK_IRQHandler     0x080063b5          Code  Wk  startup_stm32f10x_cl.o [1]
TIM1_CC_IRQHandler      0x080063c1          Code  Wk  startup_stm32f10x_cl.o [1]
TIM1_TRG_COM_IRQHandler
                        0x080063bd          Code  Wk  startup_stm32f10x_cl.o [1]
TIM1_UP_IRQHandler      0x080063b9          Code  Wk  startup_stm32f10x_cl.o [1]
TIM2_IRQHandler         0x080063c5          Code  Wk  startup_stm32f10x_cl.o [1]
TIM3_IRQHandler         0x080063c9          Code  Wk  startup_stm32f10x_cl.o [1]
TIM4_IRQHandler         0x080063cd          Code  Wk  startup_stm32f10x_cl.o [1]
TIM5_IRQHandler         0x08006401          Code  Wk  startup_stm32f10x_cl.o [1]
TIM6_IRQHandler         0x08006411          Code  Wk  startup_stm32f10x_cl.o [1]
TIM7_IRQHandler         0x08006415          Code  Wk  startup_stm32f10x_cl.o [1]
Time_Update             0x08006241     0xa  Code  Gb  main.o [1]
TotalData               0x20007ca4     0x4  Data  Lc  httpserver.o [1]
TotalReceived           0x20007c98     0x4  Data  Lc  httpserver.o [1]
Tx_Buff                 0x2000247c  0x17c0  Data  Gb  ethernetif.o [1]
UART4_IRQHandler        0x08006409          Code  Wk  startup_stm32f10x_cl.o [1]
UART5_IRQHandler        0x0800640d          Code  Wk  startup_stm32f10x_cl.o [1]
UDPpcb                  0x20007d24     0x4  Data  Lc  tftpserver.o [1]
USART1_IRQHandler       0x080063e9          Code  Wk  startup_stm32f10x_cl.o [1]
USART2_IRQHandler       0x080063ed          Code  Wk  startup_stm32f10x_cl.o [1]
USART3_IRQHandler       0x080063f1          Code  Wk  startup_stm32f10x_cl.o [1]
UsageFault_Handler      0x08006305     0x2  Code  Gb  stm32f10x_it.o [1]
WWDG_Enable             0x08005075     0x4  Code  Gb  stm32f10x_wwdg.o [1]
WWDG_IRQHandler         0x08006355          Code  Wk  startup_stm32f10x_cl.o [1]
_PrintfTiny             0x08005183   0x11a  Code  Gb  xprintftiny.o [3]
_SProut                 0x08002ff3     0xa  Code  Gb  xsprout.o [3]
__aeabi_memclr4         0x08002bf5          Code  Gb  ABImemclr4.o [5]
__aeabi_memcpy          0x08002b85          Code  Gb  ABImemcpy.o [5]
__aeabi_memcpy4         0x08002b9f          Code  Gb  ABImemcpy.o [5]
__aeabi_memcpy8         0x08002b9f          Code  Gb  ABImemcpy.o [5]
__aeabi_memset4         0x08002eb1          Code  Gb  ABImemset48.o [5]
__aeabi_memset8         0x08002eb1          Code  Gb  ABImemset48.o [5]
__cmain                 0x080062b9          Code  Gb  cmain.o [5]
__exit                  0x080062e9    0x14  Code  Gb  exit.o [6]
__iar_Memset4_word      0x08002eb9          Code  Gb  ABImemset48.o [5]
__iar_Memset8_word      0x08002eb9          Code  Gb  ABImemset48.o [5]
__iar_copy_init3        0x0800297f    0x2e  Code  Gb  copy_init3.o [5]
__iar_data_init3        0x08006269    0x2c  Code  Gb  data_init3.o [5]
__iar_program_start     0x08006321          Code  Gb  cstartup_M.o [5]
__iar_strcmp            0x08005141          Code  Gb  strcmp.o [5]
__iar_zero_init3        0x08002bfb    0x22  Code  Gb  zero_init3.o [5]
__low_level_init        0x080062cf     0x4  Code  Gb  low_level_init.o [3]
__set_MSP               0x08006261     0x8  Code  Gb  core_cm3.o [1]
__vector_table          0x08000000          Data  Gb  startup_stm32f10x_cl.o [1]
_call_main              0x080062c5          Code  Gb  cmain.o [5]
_exit                   0x080062dd          Code  Gb  cexit.o [5]
_main                   0x080062cb          Code  Gb  cmain.o [5]
ackno                   0x20007d18     0x4  Data  Lc  tcp_in.o [1]
arp_table               0x20007acc    0xc8  Data  Lc  etharp.o [1]
buf                     0x200074ec   0x5e0  Data  Lc  ip_frag.o [1]
close_conn              0x08004969    0x2c  Code  Lc  httpserver.o [1]
conn_err                0x08004965     0x4  Code  Lc  httpserver.o [1]
current_header          0x20007cdc     0x4  Data  Lc  ip.o [1]
current_netif           0x20007cd8     0x4  Data  Lc  ip.o [1]
data_index_html         0x08004048   0x298  Data  Lc  httpserver.o [1]
data_reset_html         0x080042e0   0x19c  Data  Lc  httpserver.o [1]
data_upload_html        0x0800447c   0x27c  Data  Lc  httpserver.o [1]
data_uploaddone_html    0x080046f8   0x23c  Data  Lc  httpserver.o [1]
etharp_arp_input        0x08003bd1    0xe0  Code  Gb  etharp.o [1]
etharp_cached_entry     0x20007d2e     0x1  Data  Lc  etharp.o [1]
etharp_ip_input         0x08003bad    0x24  Code  Gb  etharp.o [1]
etharp_output           0x08003cb9    0xa8  Code  Gb  etharp.o [1]
etharp_query            0x08003d73    0xf2  Code  Gb  etharp.o [1]
etharp_raw              0x08003e7b    0xa8  Code  Lc  etharp.o [1]
etharp_request          0x08003f23    0x28  Code  Gb  etharp.o [1]
etharp_send_ip          0x08003af5    0x2c  Code  Lc  etharp.o [1]
etharp_tmr              0x0800397f    0x44  Code  Gb  etharp.o [1]
ethbroadcast            0x08003f9c     0x8  Data  Gb  etharp.o [1]
ethernet_input          0x08003f4b    0x52  Code  Gb  etharp.o [1]
ethernetif_init         0x08005bf3    0x90  Code  Gb  ethernetif.o [1]
ethernetif_input        0x08005bd1    0x22  Code  Gb  ethernetif.o [1]
ethzero                 0x08003fa4     0x8  Data  Gb  etharp.o [1]
exit                    0x080062d3     0x8  Code  Gb  exit.o [3]
file_index_html         0x08004934    0x10  Data  Gb  httpserver.o [1]
file_reset_html         0x08004944    0x10  Data  Gb  httpserver.o [1]
file_upload_html        0x08004954    0x10  Data  Gb  httpserver.o [1]
file_uploaddone_html    0x08004f2c    0x10  Data  Gb  httpserver.o [1]
find_entry              0x080039c3   0x132  Code  Lc  etharp.o [1]
flags                   0x20007d30     0x1  Data  Lc  tcp_in.o [1]
free_etharp_q           0x08003961    0x1e  Code  Lc  etharp.o [1]
fs_open                 0x08004d21    0x2e  Code  Lc  httpserver.o [1]
htmlpage                0x20007c86     0x1  Data  Gb  httpserver.o [1]
htonl                   0x08001579    0x18  Code  Gb  inet.o [1]
htons                   0x0800156d     0xa  Code  Gb  inet.o [1]
http_accept             0x08004cc1    0x3e  Code  Lc  httpserver.o [1]
http_poll               0x080049c1    0x1a  Code  Lc  httpserver.o [1]
http_recv               0x08004a11   0x26a  Code  Lc  httpserver.o [1]
http_sent               0x080049db    0x36  Code  Lc  httpserver.o [1]
icmp_dest_unreach       0x080038e9     0x6  Code  Gb  icmp.o [1]
icmp_input              0x080037d3   0x10e  Code  Gb  icmp.o [1]
icmp_send_response      0x080038f3    0x60  Code  Lc  icmp.o [1]
icmp_time_exceeded      0x080038ef     0x4  Code  Gb  icmp.o [1]
inet_chksum             0x08003ff3     0xc  Code  Gb  inet_chksum.o [1]
inet_chksum_pbuf        0x08003fff    0x48  Code  Gb  inet_chksum.o [1]
inseg                   0x20007ca8    0x14  Data  Lc  tcp_in.o [1]
ip_addr_any             0x0800632c     0x4  Data  Gb  ip_addr.o [1]
ip_addr_isbroadcast     0x080018cf    0x3a  Code  Gb  ip_addr.o [1]
ip_frag                 0x0800335b   0x124  Code  Gb  ip_frag.o [1]
ip_input                0x08002c5f   0x150  Code  Gb  ip.o [1]
ip_output               0x08002e7d    0x34  Code  Gb  ip.o [1]
ip_output_if            0x08002daf    0xbe  Code  Gb  ip.o [1]
ip_reass                0x080031c7   0x188  Code  Gb  ip_frag.o [1]
ip_reass_chain_frag_into_datagram_and_validate
                        0x080030ed    0xda  Code  Lc  ip_frag.o [1]
ip_reass_dequeue_datagram
                        0x080030d1    0x1c  Code  Lc  ip_frag.o [1]
ip_reass_free_complete_datagram
                        0x08002ffd    0x6c  Code  Lc  ip_frag.o [1]
ip_reass_pbufcount      0x20007ce0     0x2  Data  Lc  ip_frag.o [1]
ip_reass_remove_oldest_datagram
                        0x08003069    0x68  Code  Lc  ip_frag.o [1]
ip_route                0x08002c1d    0x42  Code  Gb  ip.o [1]
iphdr                   0x20007d10     0x4  Data  Lc  tcp_in.o [1]
lfree                   0x200064d4     0x4  Data  Lc  mem.o [1]
low_level_input         0x08005b83    0x4e  Code  Lc  ethernetif.o [1]
low_level_output        0x08005b57    0x2c  Code  Lc  ethernetif.o [1]
lwip_standard_chksum    0x08003fad    0x46  Code  Lc  inet_chksum.o [1]
main                    0x080061ad    0x56  Code  Gb  main.o [1]
mem_free                0x080029db    0x68  Code  Gb  mem.o [1]
mem_init                0x080029ad    0x2e  Code  Gb  mem.o [1]
mem_malloc              0x08002ae5    0x9a  Code  Gb  mem.o [1]
mem_realloc             0x08002a43    0xa2  Code  Gb  mem.o [1]
memp_free               0x08002149    0x10  Code  Gb  memp.o [1]
memp_init               0x080020e9    0x44  Code  Gb  memp.o [1]
memp_malloc             0x0800212d    0x1c  Code  Gb  memp.o [1]
memp_memory             0x20003c60  0x286c  Data  Lc  memp.o [1]
memp_num                0x08002170    0x14  Data  Lc  memp.o [1]
memp_sizes              0x0800215c    0x14  Data  Lc  memp.o [1]
memp_tab                0x20003c3c    0x24  Data  Lc  memp.o [1]
netif                   0x20007c54    0x30  Data  Gb  netconf.o [1]
netif_add               0x08002ee9    0x42  Code  Gb  netif.o [1]
netif_default           0x20007cd4     0x4  Data  Gb  netif.o [1]
netif_is_up             0x08002fe9     0xa  Code  Gb  netif.o [1]
netif_list              0x20007cd0     0x4  Data  Gb  netif.o [1]
netif_set_addr          0x08002f2b    0x1e  Code  Gb  netif.o [1]
netif_set_default       0x08002fb5     0x6  Code  Gb  netif.o [1]
netif_set_gw            0x08002fa5     0x8  Code  Gb  netif.o [1]
netif_set_ipaddr        0x08002f49    0x5c  Code  Gb  netif.o [1]
netif_set_netmask       0x08002fad     0x8  Code  Gb  netif.o [1]
netif_set_up            0x08002fc9    0x20  Code  Gb  netif.o [1]
ntohl                   0x08001591     0x2  Code  Gb  inet.o [1]
ntohs                   0x08001577     0x2  Code  Gb  inet.o [1]
octet_stream            0x08004f3c    0x10  Data  Lc  httpserver.o [1]
pbuf_alloc              0x08001593   0x116  Code  Gb  pbuf.o [1]
pbuf_cat                0x080017b1    0x24  Code  Gb  pbuf.o [1]
pbuf_chain              0x080017d5    0x10  Code  Gb  pbuf.o [1]
pbuf_clen               0x08001797    0x10  Code  Gb  pbuf.o [1]
pbuf_copy               0x080017e5    0x8a  Code  Gb  pbuf.o [1]
pbuf_copy_partial       0x0800186f    0x60  Code  Gb  pbuf.o [1]
pbuf_free               0x08001757    0x40  Code  Gb  pbuf.o [1]
pbuf_header             0x080016f7    0x60  Code  Gb  pbuf.o [1]
pbuf_realloc            0x080016a9    0x4e  Code  Gb  pbuf.o [1]
pbuf_ref                0x080017a7     0xa  Code  Gb  pbuf.o [1]
ram                     0x200064cc     0x4  Data  Lc  mem.o [1]
ram_end                 0x200064d0     0x4  Data  Lc  mem.o [1]
ram_heap                0x200064d8  0x1014  Data  Lc  mem.o [1]
raw_input               0x08003489    0x5c  Code  Gb  raw.o [1]
raw_pcbs                0x20007d08     0x4  Data  Lc  raw.o [1]
reassdatagrams          0x20007ce4     0x4  Data  Lc  ip_frag.o [1]
recv_data               0x20007d1c     0x4  Data  Lc  tcp_in.o [1]
recv_flags              0x20007d31     0x1  Data  Lc  tcp_in.o [1]
resetpage               0x20007c85     0x1  Data  Lc  httpserver.o [1]
send_data               0x08004995    0x2c  Code  Lc  httpserver.o [1]
seqno                   0x20007d14     0x4  Data  Lc  tcp_in.o [1]
size                    0x20007c90     0x4  Data  Lc  httpserver.o [1]
sprintf                 0x08005085    0x34  Code  Gb  sprintf.o [3]
strcmp                  0x08005141          Code  Gb  strcmp.o [5]
strlen                  0x08005395          Code  Gb  strlen.o [5]
strncmp                 0x080050b9    0x28  Code  Gb  strncmp.o [3]
tcp_abandon             0x080019af    0x8a  Code  Gb  tcp.o [1]
tcp_accept              0x08001feb     0x4  Code  Gb  tcp.o [1]
tcp_accept_null         0x08001b0d     0x6  Code  Lc  tcp.o [1]
tcp_active_pcbs         0x20000010     0x4  Data  Gb  tcp.o [1]
tcp_alloc               0x08001ee7    0xea  Code  Gb  tcp.o [1]
tcp_arg                 0x08001fd5     0x4  Code  Gb  tcp.o [1]
tcp_backoff             0x080020d0    0x10  Data  Gb  tcp.o [1]
tcp_bind                0x08001a39    0xd4  Code  Gb  tcp.o [1]
tcp_bound_pcbs          0x20000008     0x4  Data  Gb  tcp.o [1]
tcp_close               0x08001925    0x8a  Code  Gb  tcp.o [1]
tcp_eff_send_mss        0x080020b1    0x1e  Code  Gb  tcp.o [1]
tcp_enqueue             0x08002235   0x2fc  Code  Gb  tcp_out.o [1]
tcp_err                 0x08001fe5     0x6  Code  Gb  tcp.o [1]
tcp_fasttmr             0x08001e4d    0x48  Code  Gb  tcp.o [1]
tcp_input               0x08000151   0x502  Code  Gb  tcp_in.o [1]
tcp_input_pcb           0x20007d20     0x4  Data  Gb  tcp_in.o [1]
tcp_keepalive           0x08002905    0x28  Code  Gb  tcp_out.o [1]
tcp_listen_input        0x08000653   0x146  Code  Lc  tcp_in.o [1]
tcp_listen_pcbs         0x2000000c     0x4  Data  Gb  tcp.o [1]
tcp_listen_with_backlog
                        0x08001b13    0x7a  Code  Gb  tcp.o [1]
tcp_new                 0x08001fd1     0x4  Code  Gb  tcp.o [1]
tcp_new_port            0x08001bfb    0x4c  Code  Lc  tcp.o [1]
tcp_next_iss            0x08002089     0xc  Code  Gb  tcp.o [1]
tcp_output              0x08002543   0x1da  Code  Gb  tcp_out.o [1]
tcp_output_segment      0x08002725    0xaa  Code  Lc  tcp_out.o [1]
tcp_output_set_header   0x08002185    0x68  Code  Lc  tcp_out.o [1]
tcp_parseopt            0x08001473    0xd0  Code  Lc  tcp_in.o [1]
tcp_pcb_purge           0x08001ff9    0x30  Code  Gb  tcp.o [1]
tcp_pcb_remove          0x08002029    0x3e  Code  Gb  tcp.o [1]
tcp_persist_backoff     0x080020e0     0x8  Data  Gb  tcp.o [1]
tcp_poll                0x08001fef     0xa  Code  Gb  tcp.o [1]
tcp_process             0x080007e7   0x572  Code  Lc  tcp_in.o [1]
tcp_receive             0x08000d8d   0x6e6  Code  Lc  tcp_in.o [1]
tcp_recv                0x08001fd9     0x6  Code  Gb  tcp.o [1]
tcp_recv_null           0x08001ecd    0x1a  Code  Lc  tcp.o [1]
tcp_recved              0x08001bbd    0x3e  Code  Gb  tcp.o [1]
tcp_rexmit              0x080028b9    0x4c  Code  Gb  tcp_out.o [1]
tcp_rexmit_rto          0x08002887    0x32  Code  Gb  tcp_out.o [1]
tcp_rst                 0x080027e5    0x98  Code  Gb  tcp_out.o [1]
tcp_seg_free            0x08001eaf    0x1e  Code  Gb  tcp.o [1]
tcp_segs_free           0x08001e95    0x1a  Code  Gb  tcp.o [1]
tcp_send_ctrl           0x080021ed    0x18  Code  Gb  tcp_out.o [1]
tcp_sent                0x08001fdf     0x6  Code  Gb  tcp.o [1]
tcp_slowtmr             0x08001c47   0x206  Code  Gb  tcp.o [1]
tcp_ticks               0x20000004     0x4  Data  Gb  tcp.o [1]
tcp_timer               0x20007d2f     0x1  Data  Lc  tcp.o [1]
tcp_timewait_input      0x08000799    0x4e  Code  Lc  tcp_in.o [1]
tcp_tmp_pcb             0x20000018     0x4  Data  Gb  tcp.o [1]
tcp_tmr                 0x08001909    0x1a  Code  Gb  tcp.o [1]
tcp_tw_pcbs             0x20000014     0x4  Data  Gb  tcp.o [1]
tcp_update_rcv_ann_wnd  0x08001b95    0x28  Code  Gb  tcp.o [1]
tcp_write               0x08002205    0x30  Code  Gb  tcp_out.o [1]
tcp_zero_window_probe   0x0800292d    0x36  Code  Gb  tcp_out.o [1]
tcphdr                  0x20007d0c     0x4  Data  Lc  tcp_in.o [1]
tcplen                  0x20007d2c     0x2  Data  Lc  tcp_in.o [1]
timingdelay             0x20007cc0     0x4  Data  Gb  main.o [1]
total_count             0x20007d04     0x4  Data  Lc  tftpserver.o [1]
udp_bind                0x08003715    0x56  Code  Gb  udp.o [1]
udp_disconnect          0x0800376b    0x14  Code  Gb  udp.o [1]
udp_input               0x080034e9   0x14a  Code  Gb  udp.o [1]
udp_new                 0x080037b9    0x1a  Code  Gb  udp.o [1]
udp_pcbs                0x20007d28     0x4  Data  Gb  udp.o [1]
udp_recv                0x0800377f     0x6  Code  Gb  udp.o [1]
udp_remove              0x08003785    0x28  Code  Gb  udp.o [1]
udp_sendto              0x08003633    0x2a  Code  Gb  udp.o [1]
udp_sendto_if           0x0800365d    0xb8  Code  Gb  udp.o [1]
update_arp_entry        0x08003b21    0x84  Code  Lc  etharp.o [1]


[1] = C:\Users\Administrator.WUQ6BOGNM6KUZK8\Desktop\²â¿ØIAP\Project\STM32F107_LwIP_IAP\EWARMv5\STM3210C-EVAL\Obj
[2] = command line
[3] = dl7M_tlf.a
[4] = m7M_tl.a
[5] = rt7M_tl.a
[6] = shb_l.a

  23 298 bytes of readonly  code memory
   2 426 bytes of readonly  data memory
  36 146 bytes of readwrite data memory

Errors: none
Warnings: none
